[1, 2, 5, 6, 6, 8, 9, 9, 9, 9, 10, 13, 13, 14, 15, 15, 15, 18, 18, 20, 20, 21, 22, 22, 22, 25, 25, 27, 27, 28, 28, 29, 29, 30, 30, 31, 32, 38, 42, 43, 45, 46, 48, 49, 50, 51, 52, 53, 54, 57, 58, 58, 59, 60, 60, 61, 61, 63, 63, 63, 64, 64, 67, 68, 68, 68, 69, 69, 71, 72, 72, 72, 73, 73, 74, 77, 78, 79, 80, 81, 83, 84, 85, 86, 86, 86, 87, 88, 89, 92, 93, 93, 94, 95, 96, 97, 97, 97, 98, 98]